{"since":{"id":12,"tickNo":5,"level":{"id":11,"levelNo":1,"width":10,"height":1,"timeoutInSeconds":60,"tiles":[{"id":8,"position":{"x":6,"y":0},"type":"KeyTile","color":"BLUE"},{"id":3,"position":{"x":2,"y":0},"type":"ChipTile"},{"id":7,"position":{"x":5,"y":0},"type":"InfoField","message":"message","active":false},{"id":6,"position":{"x":4,"y":0},"type":"ExitLock"},{"id":5,"position":{"x":3,"y":0},"type":"Exit"},{"id":10,"position":{"x":8,"y":0},"type":"Wall"},{"id":9,"position":{"x":7,"y":0},"type":"LockedDoor","color":"BLUE"}],"enemies":[{"id":2,"position":{"x":1,"y":0},"type":"Patroller","routine":[],"intervalInTicks":10}],"player":{"id":1,"position":{"x":0,"y":0},"chips":[],"keys":[]}}},"moments":[{"tickNo":10,"playerMovement":{"x":-1,"y":0},"enemyMovementMap":{"2":{"x":1,"y":0}}}],"endTickNo":15}